Traceback (most recent call last):
  File "/usr/local/lib/python3.10/dist-packages/jupyter_cache/executors/utils.py", line 58, in single_nb_execution
    executenb(
  File "/usr/local/lib/python3.10/dist-packages/nbclient/client.py", line 1314, in execute
    return NotebookClient(nb=nb, resources=resources, km=km, **kwargs).execute()
  File "/usr/local/lib/python3.10/dist-packages/jupyter_core/utils/__init__.py", line 165, in wrapped
    return loop.run_until_complete(inner)
  File "/usr/lib/python3.10/asyncio/base_events.py", line 649, in run_until_complete
    return future.result()
  File "/usr/local/lib/python3.10/dist-packages/nbclient/client.py", line 709, in async_execute
    await self.async_execute_cell(
  File "/usr/local/lib/python3.10/dist-packages/nbclient/client.py", line 1062, in async_execute_cell
    await self._check_raise_for_error(cell, cell_index, exec_reply)
  File "/usr/local/lib/python3.10/dist-packages/nbclient/client.py", line 918, in _check_raise_for_error
    raise CellExecutionError.from_cell_and_msg(cell, exec_reply_content)
nbclient.exceptions.CellExecutionError: An error occurred while executing the following cell:
------------------
import pandas as pd
from nltk.tokenize import sent_tokenize, word_tokenize  # Tambahkan ini

# Ekstraksi kalimat dari konten artikel
sentences = sent_tokenize(article_text)

# Tokenisasi tiap kalimat menjadi term
terms_per_sentence = [word_tokenize(sentence) for sentence in sentences]

# Membuat objek yang menyimpan hasil term dari setiap kalimat
extracted_terms = [{'Sentence': sentence, 'Terms': terms} for sentence, terms in zip(sentences, terms_per_sentence)]

# Menampilkan hasilnya sebagai dataframe
df_terms = pd.DataFrame(extracted_terms)

# Menampilkan dataframe
df_terms

------------------


[0;31m---------------------------------------------------------------------------[0m
[0;31mLookupError[0m                               Traceback (most recent call last)
[0;32m<ipython-input-9-f80954954a9a>[0m in [0;36m<cell line: 5>[0;34m()[0m
[1;32m      3[0m [0;34m[0m[0m
[1;32m      4[0m [0;31m# Ekstraksi kalimat dari konten artikel[0m[0;34m[0m[0;34m[0m[0m
[0;32m----> 5[0;31m [0msentences[0m [0;34m=[0m [0msent_tokenize[0m[0;34m([0m[0marticle_text[0m[0;34m)[0m[0;34m[0m[0;34m[0m[0m
[0m[1;32m      6[0m [0;34m[0m[0m
[1;32m      7[0m [0;31m# Tokenisasi tiap kalimat menjadi term[0m[0;34m[0m[0;34m[0m[0m

[0;32m/usr/local/lib/python3.10/dist-packages/nltk/tokenize/__init__.py[0m in [0;36msent_tokenize[0;34m(text, language)[0m
[1;32m    117[0m     [0;34m:[0m[0mparam[0m [0mlanguage[0m[0;34m:[0m [0mthe[0m [0mmodel[0m [0mname[0m [0;32min[0m [0mthe[0m [0mPunkt[0m [0mcorpus[0m[0;34m[0m[0;34m[0m[0m
[1;32m    118[0m     """
[0;32m--> 119[0;31m     [0mtokenizer[0m [0;34m=[0m [0m_get_punkt_tokenizer[0m[0;34m([0m[0mlanguage[0m[0;34m)[0m[0;34m[0m[0;34m[0m[0m
[0m[1;32m    120[0m     [0;32mreturn[0m [0mtokenizer[0m[0;34m.[0m[0mtokenize[0m[0;34m([0m[0mtext[0m[0;34m)[0m[0;34m[0m[0;34m[0m[0m
[1;32m    121[0m [0;34m[0m[0m

[0;32m/usr/local/lib/python3.10/dist-packages/nltk/tokenize/__init__.py[0m in [0;36m_get_punkt_tokenizer[0;34m(language)[0m
[1;32m    103[0m     [0;34m:[0m[0mtype[0m [0mlanguage[0m[0;34m:[0m [0mstr[0m[0;34m[0m[0;34m[0m[0m
[1;32m    104[0m     """
[0;32m--> 105[0;31m     [0;32mreturn[0m [0mPunktTokenizer[0m[0;34m([0m[0mlanguage[0m[0;34m)[0m[0;34m[0m[0;34m[0m[0m
[0m[1;32m    106[0m [0;34m[0m[0m
[1;32m    107[0m [0;34m[0m[0m

[0;32m/usr/local/lib/python3.10/dist-packages/nltk/tokenize/punkt.py[0m in [0;36m__init__[0;34m(self, lang)[0m
[1;32m   1742[0m     [0;32mdef[0m [0m__init__[0m[0;34m([0m[0mself[0m[0;34m,[0m [0mlang[0m[0;34m=[0m[0;34m"english"[0m[0;34m)[0m[0;34m:[0m[0;34m[0m[0;34m[0m[0m
[1;32m   1743[0m         [0mPunktSentenceTokenizer[0m[0;34m.[0m[0m__init__[0m[0;34m([0m[0mself[0m[0;34m)[0m[0;34m[0m[0;34m[0m[0m
[0;32m-> 1744[0;31m         [0mself[0m[0;34m.[0m[0mload_lang[0m[0;34m([0m[0mlang[0m[0;34m)[0m[0;34m[0m[0;34m[0m[0m
[0m[1;32m   1745[0m [0;34m[0m[0m
[1;32m   1746[0m     [0;32mdef[0m [0mload_lang[0m[0;34m([0m[0mself[0m[0;34m,[0m [0mlang[0m[0;34m=[0m[0;34m"english"[0m[0;34m)[0m[0;34m:[0m[0;34m[0m[0;34m[0m[0m

[0;32m/usr/local/lib/python3.10/dist-packages/nltk/tokenize/punkt.py[0m in [0;36mload_lang[0;34m(self, lang)[0m
[1;32m   1747[0m         [0;32mfrom[0m [0mnltk[0m[0;34m.[0m[0mdata[0m [0;32mimport[0m [0mfind[0m[0;34m[0m[0;34m[0m[0m
[1;32m   1748[0m [0;34m[0m[0m
[0;32m-> 1749[0;31m         [0mlang_dir[0m [0;34m=[0m [0mfind[0m[0;34m([0m[0;34mf"tokenizers/punkt_tab/{lang}/"[0m[0;34m)[0m[0;34m[0m[0;34m[0m[0m
[0m[1;32m   1750[0m         [0mself[0m[0;34m.[0m[0m_params[0m [0;34m=[0m [0mload_punkt_params[0m[0;34m([0m[0mlang_dir[0m[0;34m)[0m[0;34m[0m[0;34m[0m[0m
[1;32m   1751[0m         [0mself[0m[0;34m.[0m[0m_lang[0m [0;34m=[0m [0mlang[0m[0;34m[0m[0;34m[0m[0m

[0;32m/usr/local/lib/python3.10/dist-packages/nltk/data.py[0m in [0;36mfind[0;34m(resource_name, paths)[0m
[1;32m    577[0m     [0msep[0m [0;34m=[0m [0;34m"*"[0m [0;34m*[0m [0;36m70[0m[0;34m[0m[0;34m[0m[0m
[1;32m    578[0m     [0mresource_not_found[0m [0;34m=[0m [0;34mf"\n{sep}\n{msg}\n{sep}\n"[0m[0;34m[0m[0;34m[0m[0m
[0;32m--> 579[0;31m     [0;32mraise[0m [0mLookupError[0m[0;34m([0m[0mresource_not_found[0m[0;34m)[0m[0;34m[0m[0;34m[0m[0m
[0m[1;32m    580[0m [0;34m[0m[0m
[1;32m    581[0m [0;34m[0m[0m

[0;31mLookupError[0m: 
**********************************************************************
  Resource [93mpunkt_tab[0m not found.
  Please use the NLTK Downloader to obtain the resource:

  [31m>>> import nltk
  >>> nltk.download('punkt_tab')
  [0m
  For more information see: https://www.nltk.org/data.html

  Attempted to load [93mtokenizers/punkt_tab/english/[0m

  Searched in:
    - '/root/nltk_data'
    - '/usr/nltk_data'
    - '/usr/share/nltk_data'
    - '/usr/lib/nltk_data'
    - '/usr/share/nltk_data'
    - '/usr/local/share/nltk_data'
    - '/usr/lib/nltk_data'
    - '/usr/local/lib/nltk_data'
**********************************************************************


